2026-10-09T01:56:23+00:00 DEBUG POST: https://business-api.tiktok.com/tbp/v2.0/business_profile/disconnect?external_data=

{"business_platform":"WOO_COMMERCE","external_business_id":"tt4b_woocommerce_6ac5a9fb268e8"}
 ajax: no
2026-10-09T01:56:23+00:00 DEBUG Tt4b_Mapi_Class::tbp_post: Response: 

HTTP/1.1 200 OK
Content-Type: application/json; charset=utf-8
Content-Length: 95
X-Api-Deprecation-Info: API for Business Version 1.3 is now live. To avoid disruption to your business, we recommend you migrate all calls to v1.3 as soon as possible. Please visit our migration guide for more details: https://ads.tiktok.com/marketing_api/docs?id=1740029169927169
X-Domain-Change-Info: We have moved to the new domain business-api.tiktok.com for API services after the Platform Upgrade on 09/30/2021. Please update all of your requests with the new domain if you haven't done so already. For more information, please visit https://ads.tiktok.com/marketing_api/docs?rid=esb88xalm6m&id=1709207085043713
X-Tt-Logid: 202610090956237E98D10FD680463BAAA1
Access-Control-Expose-Headers: x-tt-traceflag,x-tt-logid
Server-Timing: inner; dur=7
x-tt-trace-host: 01ae7c5c5a208de46b6bc5e6d27d851e471154239665995088c20cc554ba222eac298346042df214af68af4015a2442f40664365a1239ac57627c24738e9240043a9b0f714c2cc4fc12e86651b110c3cac63779b5a053f822dd9f5e40dc653a899
x-tt-trace-id: 00-2610090956237E98D10FD680463BAAA1-37F8228CA528CFD9-00
Server: TLB
Expires: Fri, 09 Oct 2026 01:56:23 GMT
Cache-Control: max-age=0, no-cache, no-store
Pragma: no-cache
Date: Fri, 09 Oct 2026 01:56:23 GMT
X-Cache: TCP_MISS from a113-171-234-44.deploy.akamaitechnologies.com (AkamaiGHost/22.6.4-f482a3e3664c9c221e0e3f27d57156e9) (-)
Connection: close
x-tt-trace-tag: id=16;cdn-cache=miss;type=dyn
Server-Timing: cdn-cache; desc=MISS, edge; dur=5, origin; dur=61
X-Origin-Response-Time: 61,113.171.234.44
X-Akamai-Request-ID: 31975fcb

{"code":40001,"message":"Permission denied.","request_id":"202610090956237E98D10FD680463BAAA1"}

2026-10-09T01:56:23+00:00 DEBUG POST: https://business-api.tiktok.com/tbp/v2.0/shop/connection/disconnect?external_data=

--- EMPTY STRING ---
 ajax: no
2026-10-09T01:56:23+00:00 DEBUG Tt4b_Mapi_Class::tts_shop_disconnect: Response: 

HTTP/1.1 200 OK
Content-Type: application/json; charset=utf-8
Content-Length: 95
X-Api-Deprecation-Info: API for Business Version 1.3 is now live. To avoid disruption to your business, we recommend you migrate all calls to v1.3 as soon as possible. Please visit our migration guide for more details: https://ads.tiktok.com/marketing_api/docs?id=1740029169927169
X-Domain-Change-Info: We have moved to the new domain business-api.tiktok.com for API services after the Platform Upgrade on 09/30/2021. Please update all of your requests with the new domain if you haven't done so already. For more information, please visit https://ads.tiktok.com/marketing_api/docs?rid=esb88xalm6m&id=1709207085043713
X-Tt-Logid: 202610090956232B8853A12A2922FBB527
Access-Control-Expose-Headers: x-tt-traceflag,x-tt-logid
x-tt-trace-host: 018b658104f5ef3b013a4af74dc35edb95168b8cd89ec28adf210d3f2bf403f9d76bc4255b1e342ca5938ac946c3c5de7f00ccbe63d9b272427175a5c0d6c35f982c610912bdfb18f69bb931c142629c218bc7f303b9d67472d499faaa6e7bf147682943e6231a8385f13873204b3a2e5f
x-tt-trace-id: 00-2610090956232B8853A12A2922FBB527-4759E3923B22F5E5-00
Server: TLB
X-Origin-Response-Time: 16,2.18.24.197
X-Akamai-Request-ID: 70996143.50f4a32c
Expires: Fri, 09 Oct 2026 01:56:23 GMT
Cache-Control: max-age=0, no-cache, no-store
Pragma: no-cache
Date: Fri, 09 Oct 2026 01:56:23 GMT
X-Cache: TCP_MISS from a113-171-234-38.deploy.akamaitechnologies.com (AkamaiGHost/22.6.4-f482a3e3664c9c221e0e3f27d57156e9) (-)
Connection: close
X-Cache-Remote: TCP_MISS from a2-18-24-197.deploy.akamaitechnologies.com (AkamaiGHost/22.6.4-f482a3e3664c9c221e0e3f27d57156e9) (-)
x-tt-trace-tag: id=16;cdn-cache=miss;type=dyn
Server-Timing: cdn-cache; desc=MISS, edge; dur=43, origin; dur=16
Server-Timing: inner; dur=10
X-Parent-Response-Time: 57,113.171.234.38

{"code":40001,"message":"Permission denied.","request_id":"202610090956232B8853A12A2922FBB527"}

